=========================================== 
Gateway restart at 周四 2026/07/30  8:27:30.16              
JVM: -Dfile.encoding=UTF-8 --add-opens=java.base/java.lang=ALL-UNNAMED --add-opens=java.base/java.nio=ALL-UNNAMED --add-opens=java.base/sun.nio.ch=ALL-UNNAMED --enable-native-access=ALL-UNNAMED                                
=========================================== 
SLF4J(I): Connected with provider of type [ch.qos.logback.classic.spi.LogbackServiceProvider]
08:27:31.044 [main] INFO  c.c.r.s.g.c.DatasourceConfigStore - [DatasourceConfigStore] SQLite 初始化完成，数据库路径: jdbc:sqlite:C:\Users\Administrator/.remote-gateway/gateway.db
08:27:31.079 [main] INFO  c.c.r.s.g.c.a.FileBasedTokenVerifier - [TokenVerifier] 已加载 1 个令牌: C:\Users\Administrator\.remote-gateway\tokens.json
08:27:31.085 [main] INFO  c.c.r.s.g.c.a.DatasourceTokenVerifier - [DatasourceTokenVerifier] SQLite 初始化完成，数据库路径: jdbc:sqlite:C:\Users\Administrator/.remote-gateway/gateway.db
08:27:31.093 [main] INFO  c.c.r.s.g.c.r.GatewayRateLimiter - [RateLimiter] 参数更新: tps=1000.0 burst=2000
08:27:31.093 [main] INFO  c.c.r.s.g.c.r.GatewayRateLimiter - [RateLimiter] 参数更新: tps=1000.0 burst=2000
08:27:31.094 [main] INFO  c.c.r.s.g.c.session.SessionManager - [SessionManager] maxSessions 更新为: 10000
08:27:31.095 [main] INFO  c.c.r.s.g.c.GatewayConfigService - [ConfigService] 已加载磁盘配置 (32 项)
=== ManagementToken: a5f1023afeeb4cf0ac1d8515d674e8f0 ===
08:27:31.286 [main] INFO  c.c.r.s.gateway.GatewayNettyServer - Binding TCP-CONTROL:9000...
08:27:31.344 [main] INFO  c.c.r.s.gateway.GatewayNettyServer - TCP-CONTROL:9000
08:27:31.345 [main] INFO  c.c.r.s.gateway.GatewayNettyServer - Binding TCP-AGENT:9001...
08:27:31.346 [main] INFO  c.c.r.s.gateway.GatewayNettyServer - TCP-AGENT:9001
08:27:31.347 [main] INFO  c.c.r.s.gateway.GatewayNettyServer - Binding SOCKS5-GW:1080...
08:27:31.347 [main] INFO  c.c.r.s.gateway.GatewayNettyServer - SOCKS5-GW:1080
08:27:31.347 [main] INFO  c.c.r.s.gateway.GatewayNettyServer - Binding HTTP-MGMT:3000...
08:27:31.348 [main] INFO  c.c.r.s.gateway.GatewayNettyServer - HTTP-MGMT:3000
08:27:31.348 [main] INFO  c.c.r.s.gateway.GatewayNettyServer - Binding HTTP-API:8083...
08:27:31.349 [main] INFO  c.c.r.s.gateway.GatewayNettyServer - HTTP-API:8083
08:27:31.349 [main] INFO  c.c.r.s.gateway.GatewayNettyServer - Binding WS-API:8081...
08:27:31.350 [main] INFO  c.c.r.s.gateway.GatewayNettyServer - WS-API:8081
08:27:31.350 [main] INFO  c.c.r.s.gateway.GatewayNettyServer - Binding DWS-REMOTE:8082...
08:27:31.351 [main] INFO  c.c.r.s.gateway.GatewayNettyServer - DWS-REMOTE:8082
08:27:31.357 [main] INFO  c.c.r.s.g.t.ws.MonitorPushService - [MonitorPush] 启动, 间隔=2000ms
08:27:31.358 [main] INFO  c.c.r.s.gateway.GatewayNettyServer - 接入网关启动成功 TCP=9000/9001 SOCKS5=1080 HTTP=3000 API=8083 WS=8081 DWS=8082
08:27:31.358 [main] INFO  c.c.r.s.gateway.GatewayNettyServer - 管理页面访问地址: http://localhost:3000/?token=a5f1023afeeb4cf0ac1d8515d674e8f0
=== Gateway 启动成功 ===
DWS-REMOTE (远程控制+LiveKit): 8082
TCP-AGENT (Agent 注册): 9001
按 Ctrl+C 停止
08:27:32.510 [nioEventLoopGroup-3-1] INFO  c.c.r.s.gateway.agent.AgentRegistry - Agent 注册成功: agentId=3278acc5225f49e2895a719e359d16ed ip=172.16.9.194:58220 verifyCode=9f2570 connection=172.16.9.194:58220
08:27:32.512 [nioEventLoopGroup-3-1] INFO  c.c.r.s.g.core.router.TargetRegistry - Target 自动注册: 71bdfb4cf308 (protocol=DESKTOP, transport=TCP, agent=3278acc5225f49e2895a719e359d16ed, host=0.0.0.0, port=0)
08:27:32.513 [nioEventLoopGroup-3-1] INFO  c.c.r.s.g.core.router.TargetRegistry - Agent 同步到 TargetRegistry: agentId=3278acc5225f49e2895a719e359d16ed
Exception in thread "nioEventLoopGroup-3-5" java.lang.NoClassDefFoundError: io/netty/buffer/FreeChunkEvent
	at io.netty.buffer.AdaptivePoolingAllocator$Chunk.onRelease(AdaptivePoolingAllocator.java:1168)
	at io.netty.buffer.AdaptivePoolingAllocator$Chunk.deallocate(AdaptivePoolingAllocator.java:1162)
	at io.netty.buffer.AdaptivePoolingAllocator$SizeClassedChunk.deallocateIfNeeded(AdaptivePoolingAllocator.java:1413)
	at io.netty.buffer.AdaptivePoolingAllocator$SizeClassedChunk.markToDeallocate(AdaptivePoolingAllocator.java:1422)
	at io.netty.buffer.AdaptivePoolingAllocator$Chunk.releaseFromMagazine(AdaptivePoolingAllocator.java:1134)
	at io.netty.buffer.AdaptivePoolingAllocator$Magazine.free(AdaptivePoolingAllocator.java:1031)
	at io.netty.buffer.AdaptivePoolingAllocator$MagazineGroup.free(AdaptivePoolingAllocator.java:489)
	at io.netty.buffer.AdaptivePoolingAllocator$MagazineGroup.access$300(AdaptivePoolingAllocator.java:359)
	at io.netty.buffer.AdaptivePoolingAllocator$1.onRemoval(AdaptivePoolingAllocator.java:212)
	at io.netty.buffer.AdaptivePoolingAllocator$1.onRemoval(AdaptivePoolingAllocator.java:199)
	at io.netty.util.concurrent.FastThreadLocal.removeAndGet(FastThreadLocal.java:286)
	at io.netty.util.concurrent.FastThreadLocal.remove(FastThreadLocal.java:268)
	at io.netty.util.concurrent.FastThreadLocal.removeAll(FastThreadLocal.java:68)
	at io.netty.util.concurrent.SingleThreadEventExecutor$5.run(SingleThreadEventExecutor.java:1275)
	at io.netty.util.internal.ThreadExecutorMap$2.run(ThreadExecutorMap.java:74)
	at io.netty.util.concurrent.FastThreadLocalRunnable.run(FastThreadLocalRunnable.java:30)
	at java.base/java.lang.Thread.run(Thread.java:1474)
Caused by: java.lang.ClassNotFoundException: io.netty.buffer.FreeChunkEvent
	at java.base/jdk.internal.loader.BuiltinClassLoader.loadClass(BuiltinClassLoader.java:580)
	at java.base/java.lang.ClassLoader.loadClass(ClassLoader.java:490)
	... 17 more
Exception in thread "nioEventLoopGroup-3-6" java.lang.NoClassDefFoundError: io/netty/buffer/FreeChunkEvent
	at io.netty.buffer.AdaptivePoolingAllocator$Chunk.onRelease(AdaptivePoolingAllocator.java:1168)
	at io.netty.buffer.AdaptivePoolingAllocator$Chunk.deallocate(AdaptivePoolingAllocator.java:1162)
	at io.netty.buffer.AdaptivePoolingAllocator$SizeClassedChunk.deallocateIfNeeded(AdaptivePoolingAllocator.java:1413)
	at io.netty.buffer.AdaptivePoolingAllocator$SizeClassedChunk.markToDeallocate(AdaptivePoolingAllocator.java:1422)
	at io.netty.buffer.AdaptivePoolingAllocator$Chunk.releaseFromMagazine(AdaptivePoolingAllocator.java:1134)
	at io.netty.buffer.AdaptivePoolingAllocator$Magazine.free(AdaptivePoolingAllocator.java:1031)
	at io.netty.buffer.AdaptivePoolingAllocator$MagazineGroup.free(AdaptivePoolingAllocator.java:489)
	at io.netty.buffer.AdaptivePoolingAllocator$MagazineGroup.access$300(AdaptivePoolingAllocator.java:359)
	at io.netty.buffer.AdaptivePoolingAllocator$1.onRemoval(AdaptivePoolingAllocator.java:212)
	at io.netty.buffer.AdaptivePoolingAllocator$1.onRemoval(AdaptivePoolingAllocator.java:199)
	at io.netty.util.concurrent.FastThreadLocal.removeAndGet(FastThreadLocal.java:286)
	at io.netty.util.concurrent.FastThreadLocal.remove(FastThreadLocal.java:268)
	at io.netty.util.concurrent.FastThreadLocal.removeAll(FastThreadLocal.java:68)
	at io.netty.util.concurrent.SingleThreadEventExecutor$5.run(SingleThreadEventExecutor.java:1275)
	at io.netty.util.internal.ThreadExecutorMap$2.run(ThreadExecutorMap.java:74)
	at io.netty.util.concurrent.FastThreadLocalRunnable.run(FastThreadLocalRunnable.java:30)
	at java.base/java.lang.Thread.run(Thread.java:1474)
Caused by: java.lang.ClassNotFoundException: io.netty.buffer.FreeChunkEvent
	... 17 more
