SLF4J(I): Connected with provider of type [ch.qos.logback.classic.spi.LogbackServiceProvider]
WARNING: A restricted method in java.lang.System has been called
WARNING: java.lang.System::load has been called by org.sqlite.SQLiteJDBCLoader in an unnamed module (file:/D:/ch/project/utils-support-parent-starter/utils-support-gateway-parent/utils-support-remote-starter/target/utils-support-remote-starter-4.0.0.42-shaded.jar)
WARNING: Use --enable-native-access=ALL-UNNAMED to avoid a warning for callers in this module
WARNING: Restricted methods will be blocked in a future release unless native access is enabled

Exception in thread "main" java.net.BindException: Address already in use: bind
	at java.base/sun.nio.ch.Net.bind0(Native Method)
	at java.base/sun.nio.ch.Net.bind(Net.java:522)
	at java.base/sun.nio.ch.ServerSocketChannelImpl.netBind(ServerSocketChannelImpl.java:335)
	at java.base/sun.nio.ch.ServerSocketChannelImpl.bind(ServerSocketChannelImpl.java:297)
	at io.netty.channel.socket.nio.NioServerSocketChannel.doBind(NioServerSocketChannel.java:148)
	at io.netty.channel.AbstractChannel$AbstractUnsafe.bind(AbstractChannel.java:431)
	at io.netty.channel.DefaultChannelPipeline$HeadContext.bind(DefaultChannelPipeline.java:1353)
	at io.netty.channel.AbstractChannelHandlerContext.bind(AbstractChannelHandlerContext.java:500)
	at io.netty.handler.logging.LoggingHandler.bind(LoggingHandler.java:230)
	at io.netty.channel.AbstractChannelHandlerContext.bind(AbstractChannelHandlerContext.java:502)
	at io.netty.channel.DefaultChannelPipeline.bind(DefaultChannelPipeline.java:994)
	at io.netty.channel.Channel.bind(Channel.java:302)
	at io.netty.bootstrap.AbstractBootstrap$1.run(AbstractBootstrap.java:381)
	at io.netty.util.concurrent.AbstractEventExecutor.runTask(AbstractEventExecutor.java:148)
	at io.netty.util.concurrent.AbstractEventExecutor.safeExecute(AbstractEventExecutor.java:141)
	at io.netty.util.concurrent.SingleThreadEventExecutor.runAllTasks(SingleThreadEventExecutor.java:535)
	at io.netty.channel.SingleThreadIoEventLoop.run(SingleThreadIoEventLoop.java:201)
	at io.netty.util.concurrent.SingleThreadEventExecutor$5.run(SingleThreadEventExecutor.java:1195)
	at io.netty.util.internal.ThreadExecutorMap$2.run(ThreadExecutorMap.java:74)
	at io.netty.util.concurrent.FastThreadLocalRunnable.run(FastThreadLocalRunnable.java:30)
	at java.base/java.lang.Thread.run(Thread.java:1474)
	Suppressed: java.util.concurrent.CompletionException: Rethrowing promise failure cause
		at io.netty.util.concurrent.DefaultPromise.rethrowIfFailed(DefaultPromise.java:686)
		at io.netty.util.concurrent.DefaultPromise.sync(DefaultPromise.java:420)
		at io.netty.channel.DefaultChannelPromise.sync(DefaultChannelPromise.java:119)
		at io.netty.channel.DefaultChannelPromise.sync(DefaultChannelPromise.java:30)
		at com.chua.remote.support.gateway.GatewayNettyServer.startTcp(GatewayNettyServer.java:193)
		at com.chua.remote.support.gateway.GatewayNettyServer.start(GatewayNettyServer.java:144)
		at com.chua.remote.support.gateway.GatewayStandalone.main(GatewayStandalone.java:42)
